
> build
> vite build

vite v5.4.21 building for production...
transforming...
✓ 25 modules transformed.
x Build failed in 2.21s
error during build:
[vite]: Rollup failed to resolve import "react-toastify" from "/var/www/resources/js/admin/views/Notifications.jsx".
This is most likely unintended because it can break your application at runtime.
If you do want to externalize this module explicitly add it to
`build.rollupOptions.external`
    at viteWarn (file:///var/www/node_modules/vite/dist/node/chunks/dep-BK3b2jBa.js:65855:17)
    at onwarn (file:///var/www/node_modules/@vitejs/plugin-react/dist/index.js:90:7)
    at onRollupWarning (file:///var/www/node_modules/vite/dist/node/chunks/dep-BK3b2jBa.js:65885:5)
    at onwarn (file:///var/www/node_modules/vite/dist/node/chunks/dep-BK3b2jBa.js:65550:7)
    at file:///var/www/node_modules/rollup/dist/es/shared/node-entry.js:20972:13
    at Object.logger [as onLog] (file:///var/www/node_modules/rollup/dist/es/shared/node-entry.js:22945:9)
    at ModuleLoader.handleInvalidResolvedId (file:///var/www/node_modules/rollup/dist/es/shared/node-entry.js:21689:26)
    at file:///var/www/node_modules/rollup/dist/es/shared/node-entry.js:21647:26
